#-----------------------------------------------------------
# Vivado v2017.3 (64-bit)
# SW Build 2018833 on Wed Oct  4 19:58:22 MDT 2017
# IP Build 2016188 on Wed Oct  4 21:52:56 MDT 2017
# Start of session at: Fri May  8 22:23:15 2020
# Process ID: 16804
# Current directory: C:/Users/mhamdan/Google Drive/PhD classes/My_other_stuff/cnn_vhdl_generator/generated_model/Vivado/tiny_model
# Command line: vivado.exe -gui_launcher_event rodinguilauncherevent18224 C:\Users\mhamdan\Google Drive\PhD classes\My_other_stuff\cnn_vhdl_generator\generated_model\Vivado\tiny_model\tiny_model.xpr
# Log file: C:/Users/mhamdan/Google Drive/PhD classes/My_other_stuff/cnn_vhdl_generator/generated_model/Vivado/tiny_model/vivado.log
# Journal file: C:/Users/mhamdan/Google Drive/PhD classes/My_other_stuff/cnn_vhdl_generator/generated_model/Vivado/tiny_model\vivado.jou
#-----------------------------------------------------------
start_gui
open_project {C:/Users/mhamdan/Google Drive/PhD classes/My_other_stuff/cnn_vhdl_generator/generated_model/Vivado/tiny_model/tiny_model.xpr}
update_compile_order -fileset sources_1
open_run impl_2
reset_run synth_1
save_constraints_as constrs_2
set_property constrset constrs_2 [get_runs synth_1]
set_property constrset constrs_2 [get_runs impl_2]
launch_runs impl_2 -jobs 8
wait_on_run impl_2
refresh_design
